[unej.ac.id/index.html]
[backblue.gif]
[fade.gif]
[index.html]
[unej.ac.id/wp-content/uploads/2024/09/bgheaderunej2024.webp]
[unej.ac.id/wp-content/uploads/2025/03/headerlogo-unej-2025.webp]
[unej.ac.id/font/fontawesome-webfont3e6e.woff2]
[unej.ac.id/wp-content/plugins/goodlayers-core/plugins/fontawesome/fontawesome-webfont3e6e.woff2]
[unej.ac.id/wp-content/plugins/goodlayers-core/plugins/elegant/ElegantIcons.woff]
[unej.ac.id/wp-content/plugins/social-icons-widget-by-wpzoom/assets/font/sociconfac5.woff2]
[unej.ac.id/wp-content/uploads/kingster-style-customdb89.css]
[unej.ac.id/feed/index.html]
[unej.ac.id/wp-content/themes/kingster/css/style-cored1c0.css]
[unej.ac.id/events/indexedf3.html]
[unej.ac.id/wp-content/plugins/goodlayers-core/include/css/page-builderd1c0.css]
[unej.ac.id/wp-content/plugins/goodlayers-core/plugins/fontawesome/font-awesome0899.css]
[unej.ac.id/wp-content/plugins/goodlayers-core/plugins/elegant/elegant-font0899.css]
[unej.ac.id/wp-content/plugins/goodlayers-core/plugins/style3b2f.css]
[unej.ac.id/wp-content/plugins/social-icons-widget-by-wpzoom/assets/font/sociconaefa.woff2]
[unej.ac.id/wp-includes/js/jquery/jquery.minbac6.js]
[unej.ac.id/wp-includes/js/jquery/jquery-migrate.min6c24.js]
[unej.ac.id/wp-json/wp/v2/web-app-manifest]
[unej.ac.id/wp-content/uploads/2023/09/cropped-maskable-unej-icon-1-192x192.png]
[unej.ac.id/wp-content/uploads/2023/09/cropped-maskable-unej-icon-1-32x32.png]
[unej.ac.id/wp-content/uploads/2023/09/cropped-maskable-unej-icon-1-180x180.png]
[unej.ac.id/pagespeed_static/1.JiBnMqyl6S.gif]
[unej.ac.id/wp-content/uploads/2025/05/Header-New.png]
[unej.ac.id/datin/akreditasi/index.html]
[unej.ac.id/wp-json/tribe/events/v1/index.html]
[unej.ac.id/kerjasama/index.html]
[unej.ac.id/profil-unej/index.html]
[unej.ac.id/penelitian-dan-pengabdian/index.html]
[unej.ac.id/pendidikan/index.html]
[unej.ac.id/blog/2023/01/09/tarif-layanan-universitas-jember/index.html]
[unej.ac.id/wp-content/uploads/2022/12/rektor-unej-1.webp]
[unej.ac.id/kampus-2-bondowoso/index.html]
[unej.ac.id/kampus-3-lumajang/index.html]
[unej.ac.id/kampus-4-pasuruan/index.html]
[unej.ac.id/kehidupan-kampus/index.html]
[unej.ac.id/wp-content/uploads/2022/12/bgauditorium-unej.webp]
[unej.ac.id/akademik/index.html]
[unej.ac.id/kemahasiswaan/index.html]
[unej.ac.id/kepegawaian/index.html]
[unej.ac.id/keuangan/index.html]
[unej.ac.id/wp-content/uploads/2022/09/SSC-7-scaled-2-copy.webp]
[unej.ac.id/hukum-dan-tata-laksana-htl/index.html]
[unej.ac.id/bmn/index.html]
[unej.ac.id/datin/index.html]
[unej.ac.id/wp-content/uploads/2022/12/oryza.webp]
[unej.ac.id/pkih/perencanaan-program-dan-anggaran-ppa/index.html]
[unej.ac.id/pkih/evaluasi-pelaksanaan-program-dan-anggaran-eppa/index.html]
[unej.ac.id/humas/index.html]
[unej.ac.id/wp-content/uploads/2024/08/f4788f0c-6a22-4180-b0eb-9648992bb0e4.webp]
[unej.ac.id/penerimaan-mahasiswa-baru/index.html]
[unej.ac.id/blog/category/rilis/index.html]
[unej.ac.id/fasilitas-mahasiswa/index.html]
[unej.ac.id/wp-content/uploads/2022/12/alumni-co-working-space.webp]
[unej.ac.id/blog/personnel/dr-ir-iwan-taruna-m-eng-ipm-3/index.html]
[unej.ac.id/blog/2025/06/02/mahasiswa-fkep-unej-borong-juara-di-indonesian-nursing-olympiad-2025/index.html]
[unej.ac.id/rilis/index.html]
[unej.ac.id/sitemap.xml]
[unej.ac.id/blog/2025/06/02/unej-gelar-upacara-hari-lahir-pancasila-tegaskan-pancasila-sebagai-kompas-menuju-indonesia-emas/index.html]
[unej.ac.id/blog/2025/06/02/unej-dan-unipa-tandatangani-mou-penguatan-mutu-pendidikan-tinggi-berdampak/index.html]
[unej.ac.id/blog/2025/06/02/index.html]
[unej.ac.id/blog/2025/06/02/unej-gelar-pendaftaran-semmaba-2025-buka-tiga-jalur/index.html]
[unej.ac.id/indexc2e2.html]
[unej.ac.id/index4ce9.html]
[unej.ac.id/index10ab.html]
[unej.ac.id/indexf66c.html]
[unej.ac.id/wp-content/plugins/social-icons-widget-by-wpzoom/assets/font/fontawesome-webfont3e6e.woff2]
[unej.ac.id/blog/2025/05/27/kalender-akademik-universitas-jember-tahun-akademik-2025-2026/index.html]
[unej.ac.id/peta-unej/index.html]
[unej.ac.id/blog/2025/05/26/verifikasi-dan-registrasi-calon-maba-unej-snbt-tahun-2025/index.html]
[unej.ac.id/pengumuman/index.html]
[unej.ac.id/wp-content/plugins/social-icons-widget-by-wpzoom/assets/css/academicons.mindcf5.css]
[unej.ac.id/event/the-6th-international-agronursing-conference-2025/index.html]
[unej.ac.id/event/index.html]
[unej.ac.id/mengapa-harus-kuliah-di-universitas-jember/index.html]
[unej.ac.id/wp-content/plugins/social-icons-widget-by-wpzoom/block/dist/style-wpzoom-social-icons8686.css]
[unej.ac.id/unduhan/index.html]
[unej.ac.id/profil-pimpinan/index.html]
[unej.ac.id/testimoni/index.html]
[unej.ac.id/index.html]
[unej.ac.id/font/fontawesome-webfont3e6e.html]
[unej.ac.id/wp-content/uploads/kingster-style-customdb89.css]
[unej.ac.id/wp-content/themes/kingster/css/style-cored1c0.css]
[unej.ac.id/wp-content/plugins/goodlayers-core/include/css/page-builderd1c0.css]
[unej.ac.id/wp-content/plugins/goodlayers-core/plugins/fontawesome/font-awesome0899.css]
[unej.ac.id/wp-content/plugins/goodlayers-core/plugins/elegant/elegant-font0899.css]
[unej.ac.id/wp-content/plugins/goodlayers-core/plugins/style3b2f.css]
[unej.ac.id/datin/akreditasi/index.html]
[unej.ac.id/kerjasama/index.html]
[unej.ac.id/blog/2023/01/09/tarif-layanan-universitas-jember/index.html]
[unej.ac.id/profil-unej/index.html]
[unej.ac.id/pendidikan/index.html]
[unej.ac.id/penelitian-dan-pengabdian/index.html]
[unej.ac.id/kehidupan-kampus/index.html]
[unej.ac.id/kampus-2-bondowoso/index.html]
[unej.ac.id/kampus-3-lumajang/index.html]
[unej.ac.id/kampus-4-pasuruan/index.html]
[unej.ac.id/akademik/index.html]
[unej.ac.id/kemahasiswaan/index.html]
[unej.ac.id/keuangan/index.html]
[unej.ac.id/kepegawaian/index.html]
[unej.ac.id/hukum-dan-tata-laksana-htl/index.html]
[unej.ac.id/bmn/index.html]
[unej.ac.id/datin/index.html]
[unej.ac.id/pkih/perencanaan-program-dan-anggaran-ppa/index.html]
[unej.ac.id/pkih/evaluasi-pelaksanaan-program-dan-anggaran-eppa/index.html]
[unej.ac.id/humas/index.html]
[unej.ac.id/penerimaan-mahasiswa-baru/index.html]
[unej.ac.id/blog/category/rilis/index.html]
[unej.ac.id/fasilitas-mahasiswa/index.html]
[unej.ac.id/blog/personnel/dr-ir-iwan-taruna-m-eng-ipm-3/index.html]
[unej.ac.id/rilis/index.html]
[unej.ac.id/blog/2025/06/02/mahasiswa-fkep-unej-borong-juara-di-indonesian-nursing-olympiad-2025/index.html]
[unej.ac.id/blog/2025/06/02/index.html]
[unej.ac.id/blog/2025/06/02/unej-gelar-pendaftaran-semmaba-2025-buka-tiga-jalur/index.html]
[unej.ac.id/blog/2025/06/02/unej-dan-unipa-tandatangani-mou-penguatan-mutu-pendidikan-tinggi-berdampak/index.html]
[unej.ac.id/blog/2025/06/02/unej-gelar-upacara-hari-lahir-pancasila-tegaskan-pancasila-sebagai-kompas-menuju-indonesia-emas/index.html]
[unej.ac.id/index4ce9.html]
[unej.ac.id/index10ab.html]
[unej.ac.id/indexf66c.html]
[unej.ac.id/indexc2e2.html]
[unej.ac.id/blog/2025/05/27/kalender-akademik-universitas-jember-tahun-akademik-2025-2026/index.html]
[unej.ac.id/peta-unej/index.html]
[unej.ac.id/blog/2025/05/26/verifikasi-dan-registrasi-calon-maba-unej-snbt-tahun-2025/index.html]
[unej.ac.id/pengumuman/index.html]
[unej.ac.id/event/the-6th-international-agronursing-conference-2025/index.html]
[unej.ac.id/event/index.html]
[unej.ac.id/mengapa-harus-kuliah-di-universitas-jember/index.html]
[unej.ac.id/testimoni/index.html]
[unej.ac.id/profil-pimpinan/index.html]
[unej.ac.id/unduhan/index.html]
[unej.ac.id/term-of-use/index.html]
[unej.ac.id/privacy-police/index.html]
[unej.ac.id/code-of-conduct/index.html]
[unej.ac.id/wp-content/plugins/social-icons-widget-by-wpzoom/assets/css/academicons.mindcf5.css]
[unej.ac.id/Trident/index.html]
[unej.ac.id/Edge/index.html]
[unej.ac.id/wp-content/plugins/social-icons-widget-by-wpzoom/block/dist/style-wpzoom-social-icons8686.css]
[unej.ac.id/wp-content/plugins/social-icons-widget-by-wpzoom/assets/css/font-awesome-3.mindcf5.html]
